// Jest Snapshot v1, https://goo.gl/fbAQLP

exports[`ld-tooltip renders custom trigger 1`] = `
<ld-tooltip>
  <!---->
  <button aria-describedby="ld-tooltip-2" class="ld-tooltip__trigger" type="button">
    <div slot="trigger">
      Custom trigger
    </div>
    <slot-fb hidden="" name="trigger">
      <svg class="ld-tooltip__icon" fill="none" viewBox="0 0 24 24" xmlns="http://www.w3.org/2000/svg">
        <title>
          Info
        </title>
        <path clip-rule="evenodd" d="M12 23C18.0751 23 23 18.0751 23 12C23 5.9249 18.0751 1 12 1C5.9249 1 1 5.9249 1 12C1 18.0751 5.9249 23 12 23Z" fill="currentcolor" fill-rule="evenodd"></path>
        <path clip-rule="evenodd" d="M11.9996 8.6477C12.9254 8.6477 13.6758 7.8973 13.6758 6.9715C13.6758 6.0458 12.9254 5.2953 11.9996 5.2953C11.0739 5.2953 10.3235 6.0458 10.3235 6.9715C10.3235 7.8973 11.0739 8.6477 11.9996 8.6477ZM10.8453 17.8038C11.1932 18.1517 11.6736 18.3256 12.2865 18.3256H13.4545C13.6864 18.3256 13.8023 18.2263 13.8023 18.0275V12.2873C13.8023 11.6744 13.6284 11.1939 13.2805 10.8461C12.9326 10.4982 12.4522 10.3242 11.8393 10.3242H10.6713C10.4394 10.3242 10.3235 10.4236 10.3235 10.6224V16.3626C10.3235 16.9755 10.4974 17.456 10.8453 17.8038Z" fill="white" fill-rule="evenodd"></path>
      </svg>
    </slot-fb>
  </button>
  <div aria-hidden="true" class="ld-tooltip" id="ld-tooltip-2" role="tooltip">
    <h4>
      Headline
    </h4>
    <p>
      Text content
    </p>
  </div>
</ld-tooltip>
`;

exports[`ld-tooltip renders default 1`] = `
<ld-tooltip>
  <!---->
  <button aria-describedby="ld-tooltip-1" class="ld-tooltip__trigger" type="button">
    <slot-fb name="trigger">
      <svg class="ld-tooltip__icon" fill="none" viewBox="0 0 24 24" xmlns="http://www.w3.org/2000/svg">
        <title>
          Info
        </title>
        <path clip-rule="evenodd" d="M12 23C18.0751 23 23 18.0751 23 12C23 5.9249 18.0751 1 12 1C5.9249 1 1 5.9249 1 12C1 18.0751 5.9249 23 12 23Z" fill="currentcolor" fill-rule="evenodd"></path>
        <path clip-rule="evenodd" d="M11.9996 8.6477C12.9254 8.6477 13.6758 7.8973 13.6758 6.9715C13.6758 6.0458 12.9254 5.2953 11.9996 5.2953C11.0739 5.2953 10.3235 6.0458 10.3235 6.9715C10.3235 7.8973 11.0739 8.6477 11.9996 8.6477ZM10.8453 17.8038C11.1932 18.1517 11.6736 18.3256 12.2865 18.3256H13.4545C13.6864 18.3256 13.8023 18.2263 13.8023 18.0275V12.2873C13.8023 11.6744 13.6284 11.1939 13.2805 10.8461C12.9326 10.4982 12.4522 10.3242 11.8393 10.3242H10.6713C10.4394 10.3242 10.3235 10.4236 10.3235 10.6224V16.3626C10.3235 16.9755 10.4974 17.456 10.8453 17.8038Z" fill="white" fill-rule="evenodd"></path>
      </svg>
    </slot-fb>
  </button>
  <div aria-hidden="true" class="ld-tooltip ld-tooltip--with-default-trigger" id="ld-tooltip-1" role="tooltip">
    <h4>
      Headline
    </h4>
    <p>
      Text content
    </p>
  </div>
</ld-tooltip>
`;

exports[`ld-tooltip renders with arrow 1`] = `
<ld-tooltip arrow="">
  <!---->
  <button aria-describedby="ld-tooltip-3" class="ld-tooltip__trigger" type="button">
    <slot-fb name="trigger">
      <svg class="ld-tooltip__icon" fill="none" viewBox="0 0 24 24" xmlns="http://www.w3.org/2000/svg">
        <title>
          Info
        </title>
        <path clip-rule="evenodd" d="M12 23C18.0751 23 23 18.0751 23 12C23 5.9249 18.0751 1 12 1C5.9249 1 1 5.9249 1 12C1 18.0751 5.9249 23 12 23Z" fill="currentcolor" fill-rule="evenodd"></path>
        <path clip-rule="evenodd" d="M11.9996 8.6477C12.9254 8.6477 13.6758 7.8973 13.6758 6.9715C13.6758 6.0458 12.9254 5.2953 11.9996 5.2953C11.0739 5.2953 10.3235 6.0458 10.3235 6.9715C10.3235 7.8973 11.0739 8.6477 11.9996 8.6477ZM10.8453 17.8038C11.1932 18.1517 11.6736 18.3256 12.2865 18.3256H13.4545C13.6864 18.3256 13.8023 18.2263 13.8023 18.0275V12.2873C13.8023 11.6744 13.6284 11.1939 13.2805 10.8461C12.9326 10.4982 12.4522 10.3242 11.8393 10.3242H10.6713C10.4394 10.3242 10.3235 10.4236 10.3235 10.6224V16.3626C10.3235 16.9755 10.4974 17.456 10.8453 17.8038Z" fill="white" fill-rule="evenodd"></path>
      </svg>
    </slot-fb>
  </button>
  <div aria-hidden="true" class="ld-tooltip ld-tooltip--with-arrow ld-tooltip--with-default-trigger" id="ld-tooltip-3" role="tooltip">
    <h4>
      Headline
    </h4>
    <p>
      Text content
    </p>
  </div>
</ld-tooltip>
`;

exports[`ld-tooltip renders with position bottom center 1`] = `
<ld-tooltip position="bottom center">
  <!---->
  <button aria-describedby="ld-tooltip-4" class="ld-tether-element-attached-center ld-tether-element-attached-top ld-tether-enabled ld-tether-target ld-tether-target-attached-bottom ld-tether-target-attached-center ld-tooltip__trigger" type="button">
    <slot-fb name="trigger">
      <svg class="ld-tooltip__icon" fill="none" viewBox="0 0 24 24" xmlns="http://www.w3.org/2000/svg">
        <title>
          Info
        </title>
        <path clip-rule="evenodd" d="M12 23C18.0751 23 23 18.0751 23 12C23 5.9249 18.0751 1 12 1C5.9249 1 1 5.9249 1 12C1 18.0751 5.9249 23 12 23Z" fill="currentcolor" fill-rule="evenodd"></path>
        <path clip-rule="evenodd" d="M11.9996 8.6477C12.9254 8.6477 13.6758 7.8973 13.6758 6.9715C13.6758 6.0458 12.9254 5.2953 11.9996 5.2953C11.0739 5.2953 10.3235 6.0458 10.3235 6.9715C10.3235 7.8973 11.0739 8.6477 11.9996 8.6477ZM10.8453 17.8038C11.1932 18.1517 11.6736 18.3256 12.2865 18.3256H13.4545C13.6864 18.3256 13.8023 18.2263 13.8023 18.0275V12.2873C13.8023 11.6744 13.6284 11.1939 13.2805 10.8461C12.9326 10.4982 12.4522 10.3242 11.8393 10.3242H10.6713C10.4394 10.3242 10.3235 10.4236 10.3235 10.6224V16.3626C10.3235 16.9755 10.4974 17.456 10.8453 17.8038Z" fill="white" fill-rule="evenodd"></path>
      </svg>
    </slot-fb>
    <div class="ld-tether-target-marker">
      <div class="ld-tether-marker-dot" style="top: 0px; left: 0px;"></div>
    </div>
  </button>
</ld-tooltip>
`;

exports[`ld-tooltip renders with position bottom left 1`] = `
<ld-tooltip position="bottom left">
  <!---->
  <button aria-describedby="ld-tooltip-5" class="ld-tether-element-attached-left ld-tether-element-attached-top ld-tether-enabled ld-tether-target ld-tether-target-attached-bottom ld-tether-target-attached-left ld-tooltip__trigger" type="button">
    <slot-fb name="trigger">
      <svg class="ld-tooltip__icon" fill="none" viewBox="0 0 24 24" xmlns="http://www.w3.org/2000/svg">
        <title>
          Info
        </title>
        <path clip-rule="evenodd" d="M12 23C18.0751 23 23 18.0751 23 12C23 5.9249 18.0751 1 12 1C5.9249 1 1 5.9249 1 12C1 18.0751 5.9249 23 12 23Z" fill="currentcolor" fill-rule="evenodd"></path>
        <path clip-rule="evenodd" d="M11.9996 8.6477C12.9254 8.6477 13.6758 7.8973 13.6758 6.9715C13.6758 6.0458 12.9254 5.2953 11.9996 5.2953C11.0739 5.2953 10.3235 6.0458 10.3235 6.9715C10.3235 7.8973 11.0739 8.6477 11.9996 8.6477ZM10.8453 17.8038C11.1932 18.1517 11.6736 18.3256 12.2865 18.3256H13.4545C13.6864 18.3256 13.8023 18.2263 13.8023 18.0275V12.2873C13.8023 11.6744 13.6284 11.1939 13.2805 10.8461C12.9326 10.4982 12.4522 10.3242 11.8393 10.3242H10.6713C10.4394 10.3242 10.3235 10.4236 10.3235 10.6224V16.3626C10.3235 16.9755 10.4974 17.456 10.8453 17.8038Z" fill="white" fill-rule="evenodd"></path>
      </svg>
    </slot-fb>
    <div class="ld-tether-target-marker">
      <div class="ld-tether-marker-dot" style="top: 0px; left: 0px;"></div>
    </div>
  </button>
</ld-tooltip>
`;

exports[`ld-tooltip renders with position bottom right 1`] = `
<ld-tooltip position="bottom right">
  <!---->
  <button aria-describedby="ld-tooltip-6" class="ld-tether-element-attached-right ld-tether-element-attached-top ld-tether-enabled ld-tether-target ld-tether-target-attached-bottom ld-tether-target-attached-right ld-tooltip__trigger" type="button">
    <slot-fb name="trigger">
      <svg class="ld-tooltip__icon" fill="none" viewBox="0 0 24 24" xmlns="http://www.w3.org/2000/svg">
        <title>
          Info
        </title>
        <path clip-rule="evenodd" d="M12 23C18.0751 23 23 18.0751 23 12C23 5.9249 18.0751 1 12 1C5.9249 1 1 5.9249 1 12C1 18.0751 5.9249 23 12 23Z" fill="currentcolor" fill-rule="evenodd"></path>
        <path clip-rule="evenodd" d="M11.9996 8.6477C12.9254 8.6477 13.6758 7.8973 13.6758 6.9715C13.6758 6.0458 12.9254 5.2953 11.9996 5.2953C11.0739 5.2953 10.3235 6.0458 10.3235 6.9715C10.3235 7.8973 11.0739 8.6477 11.9996 8.6477ZM10.8453 17.8038C11.1932 18.1517 11.6736 18.3256 12.2865 18.3256H13.4545C13.6864 18.3256 13.8023 18.2263 13.8023 18.0275V12.2873C13.8023 11.6744 13.6284 11.1939 13.2805 10.8461C12.9326 10.4982 12.4522 10.3242 11.8393 10.3242H10.6713C10.4394 10.3242 10.3235 10.4236 10.3235 10.6224V16.3626C10.3235 16.9755 10.4974 17.456 10.8453 17.8038Z" fill="white" fill-rule="evenodd"></path>
      </svg>
    </slot-fb>
    <div class="ld-tether-target-marker">
      <div class="ld-tether-marker-dot" style="top: 0px; left: 0px;"></div>
    </div>
  </button>
</ld-tooltip>
`;

exports[`ld-tooltip renders with position left bottom 1`] = `
<ld-tooltip position="left bottom">
  <!---->
  <button aria-describedby="ld-tooltip-7" class="ld-tether-element-attached-bottom ld-tether-element-attached-right ld-tether-enabled ld-tether-target ld-tether-target-attached-bottom ld-tether-target-attached-left ld-tooltip__trigger" type="button">
    <slot-fb name="trigger">
      <svg class="ld-tooltip__icon" fill="none" viewBox="0 0 24 24" xmlns="http://www.w3.org/2000/svg">
        <title>
          Info
        </title>
        <path clip-rule="evenodd" d="M12 23C18.0751 23 23 18.0751 23 12C23 5.9249 18.0751 1 12 1C5.9249 1 1 5.9249 1 12C1 18.0751 5.9249 23 12 23Z" fill="currentcolor" fill-rule="evenodd"></path>
        <path clip-rule="evenodd" d="M11.9996 8.6477C12.9254 8.6477 13.6758 7.8973 13.6758 6.9715C13.6758 6.0458 12.9254 5.2953 11.9996 5.2953C11.0739 5.2953 10.3235 6.0458 10.3235 6.9715C10.3235 7.8973 11.0739 8.6477 11.9996 8.6477ZM10.8453 17.8038C11.1932 18.1517 11.6736 18.3256 12.2865 18.3256H13.4545C13.6864 18.3256 13.8023 18.2263 13.8023 18.0275V12.2873C13.8023 11.6744 13.6284 11.1939 13.2805 10.8461C12.9326 10.4982 12.4522 10.3242 11.8393 10.3242H10.6713C10.4394 10.3242 10.3235 10.4236 10.3235 10.6224V16.3626C10.3235 16.9755 10.4974 17.456 10.8453 17.8038Z" fill="white" fill-rule="evenodd"></path>
      </svg>
    </slot-fb>
    <div class="ld-tether-target-marker">
      <div class="ld-tether-marker-dot" style="top: 0px; left: 0px;"></div>
    </div>
  </button>
</ld-tooltip>
`;

exports[`ld-tooltip renders with position left middle 1`] = `
<ld-tooltip position="left middle">
  <!---->
  <button aria-describedby="ld-tooltip-8" class="ld-tether-element-attached-middle ld-tether-element-attached-right ld-tether-enabled ld-tether-target ld-tether-target-attached-left ld-tether-target-attached-middle ld-tooltip__trigger" type="button">
    <slot-fb name="trigger">
      <svg class="ld-tooltip__icon" fill="none" viewBox="0 0 24 24" xmlns="http://www.w3.org/2000/svg">
        <title>
          Info
        </title>
        <path clip-rule="evenodd" d="M12 23C18.0751 23 23 18.0751 23 12C23 5.9249 18.0751 1 12 1C5.9249 1 1 5.9249 1 12C1 18.0751 5.9249 23 12 23Z" fill="currentcolor" fill-rule="evenodd"></path>
        <path clip-rule="evenodd" d="M11.9996 8.6477C12.9254 8.6477 13.6758 7.8973 13.6758 6.9715C13.6758 6.0458 12.9254 5.2953 11.9996 5.2953C11.0739 5.2953 10.3235 6.0458 10.3235 6.9715C10.3235 7.8973 11.0739 8.6477 11.9996 8.6477ZM10.8453 17.8038C11.1932 18.1517 11.6736 18.3256 12.2865 18.3256H13.4545C13.6864 18.3256 13.8023 18.2263 13.8023 18.0275V12.2873C13.8023 11.6744 13.6284 11.1939 13.2805 10.8461C12.9326 10.4982 12.4522 10.3242 11.8393 10.3242H10.6713C10.4394 10.3242 10.3235 10.4236 10.3235 10.6224V16.3626C10.3235 16.9755 10.4974 17.456 10.8453 17.8038Z" fill="white" fill-rule="evenodd"></path>
      </svg>
    </slot-fb>
    <div class="ld-tether-target-marker">
      <div class="ld-tether-marker-dot" style="top: 0px; left: 0px;"></div>
    </div>
  </button>
</ld-tooltip>
`;

exports[`ld-tooltip renders with position left top 1`] = `
<ld-tooltip position="left top">
  <!---->
  <button aria-describedby="ld-tooltip-9" class="ld-tether-element-attached-right ld-tether-element-attached-top ld-tether-enabled ld-tether-target ld-tether-target-attached-left ld-tether-target-attached-top ld-tooltip__trigger" type="button">
    <slot-fb name="trigger">
      <svg class="ld-tooltip__icon" fill="none" viewBox="0 0 24 24" xmlns="http://www.w3.org/2000/svg">
        <title>
          Info
        </title>
        <path clip-rule="evenodd" d="M12 23C18.0751 23 23 18.0751 23 12C23 5.9249 18.0751 1 12 1C5.9249 1 1 5.9249 1 12C1 18.0751 5.9249 23 12 23Z" fill="currentcolor" fill-rule="evenodd"></path>
        <path clip-rule="evenodd" d="M11.9996 8.6477C12.9254 8.6477 13.6758 7.8973 13.6758 6.9715C13.6758 6.0458 12.9254 5.2953 11.9996 5.2953C11.0739 5.2953 10.3235 6.0458 10.3235 6.9715C10.3235 7.8973 11.0739 8.6477 11.9996 8.6477ZM10.8453 17.8038C11.1932 18.1517 11.6736 18.3256 12.2865 18.3256H13.4545C13.6864 18.3256 13.8023 18.2263 13.8023 18.0275V12.2873C13.8023 11.6744 13.6284 11.1939 13.2805 10.8461C12.9326 10.4982 12.4522 10.3242 11.8393 10.3242H10.6713C10.4394 10.3242 10.3235 10.4236 10.3235 10.6224V16.3626C10.3235 16.9755 10.4974 17.456 10.8453 17.8038Z" fill="white" fill-rule="evenodd"></path>
      </svg>
    </slot-fb>
    <div class="ld-tether-target-marker">
      <div class="ld-tether-marker-dot" style="top: 0px; left: 0px;"></div>
    </div>
  </button>
</ld-tooltip>
`;

exports[`ld-tooltip renders with position right bottom 1`] = `
<ld-tooltip position="right bottom">
  <!---->
  <button aria-describedby="ld-tooltip-10" class="ld-tether-element-attached-bottom ld-tether-element-attached-left ld-tether-enabled ld-tether-target ld-tether-target-attached-bottom ld-tether-target-attached-right ld-tooltip__trigger" type="button">
    <slot-fb name="trigger">
      <svg class="ld-tooltip__icon" fill="none" viewBox="0 0 24 24" xmlns="http://www.w3.org/2000/svg">
        <title>
          Info
        </title>
        <path clip-rule="evenodd" d="M12 23C18.0751 23 23 18.0751 23 12C23 5.9249 18.0751 1 12 1C5.9249 1 1 5.9249 1 12C1 18.0751 5.9249 23 12 23Z" fill="currentcolor" fill-rule="evenodd"></path>
        <path clip-rule="evenodd" d="M11.9996 8.6477C12.9254 8.6477 13.6758 7.8973 13.6758 6.9715C13.6758 6.0458 12.9254 5.2953 11.9996 5.2953C11.0739 5.2953 10.3235 6.0458 10.3235 6.9715C10.3235 7.8973 11.0739 8.6477 11.9996 8.6477ZM10.8453 17.8038C11.1932 18.1517 11.6736 18.3256 12.2865 18.3256H13.4545C13.6864 18.3256 13.8023 18.2263 13.8023 18.0275V12.2873C13.8023 11.6744 13.6284 11.1939 13.2805 10.8461C12.9326 10.4982 12.4522 10.3242 11.8393 10.3242H10.6713C10.4394 10.3242 10.3235 10.4236 10.3235 10.6224V16.3626C10.3235 16.9755 10.4974 17.456 10.8453 17.8038Z" fill="white" fill-rule="evenodd"></path>
      </svg>
    </slot-fb>
    <div class="ld-tether-target-marker">
      <div class="ld-tether-marker-dot" style="top: 0px; left: 0px;"></div>
    </div>
  </button>
</ld-tooltip>
`;

exports[`ld-tooltip renders with position right middle 1`] = `
<ld-tooltip position="right middle">
  <!---->
  <button aria-describedby="ld-tooltip-11" class="ld-tether-element-attached-left ld-tether-element-attached-middle ld-tether-enabled ld-tether-target ld-tether-target-attached-middle ld-tether-target-attached-right ld-tooltip__trigger" type="button">
    <slot-fb name="trigger">
      <svg class="ld-tooltip__icon" fill="none" viewBox="0 0 24 24" xmlns="http://www.w3.org/2000/svg">
        <title>
          Info
        </title>
        <path clip-rule="evenodd" d="M12 23C18.0751 23 23 18.0751 23 12C23 5.9249 18.0751 1 12 1C5.9249 1 1 5.9249 1 12C1 18.0751 5.9249 23 12 23Z" fill="currentcolor" fill-rule="evenodd"></path>
        <path clip-rule="evenodd" d="M11.9996 8.6477C12.9254 8.6477 13.6758 7.8973 13.6758 6.9715C13.6758 6.0458 12.9254 5.2953 11.9996 5.2953C11.0739 5.2953 10.3235 6.0458 10.3235 6.9715C10.3235 7.8973 11.0739 8.6477 11.9996 8.6477ZM10.8453 17.8038C11.1932 18.1517 11.6736 18.3256 12.2865 18.3256H13.4545C13.6864 18.3256 13.8023 18.2263 13.8023 18.0275V12.2873C13.8023 11.6744 13.6284 11.1939 13.2805 10.8461C12.9326 10.4982 12.4522 10.3242 11.8393 10.3242H10.6713C10.4394 10.3242 10.3235 10.4236 10.3235 10.6224V16.3626C10.3235 16.9755 10.4974 17.456 10.8453 17.8038Z" fill="white" fill-rule="evenodd"></path>
      </svg>
    </slot-fb>
    <div class="ld-tether-target-marker">
      <div class="ld-tether-marker-dot" style="top: 0px; left: 0px;"></div>
    </div>
  </button>
</ld-tooltip>
`;

exports[`ld-tooltip renders with position right top 1`] = `
<ld-tooltip position="right top">
  <!---->
  <button aria-describedby="ld-tooltip-12" class="ld-tether-element-attached-left ld-tether-element-attached-top ld-tether-enabled ld-tether-target ld-tether-target-attached-right ld-tether-target-attached-top ld-tooltip__trigger" type="button">
    <slot-fb name="trigger">
      <svg class="ld-tooltip__icon" fill="none" viewBox="0 0 24 24" xmlns="http://www.w3.org/2000/svg">
        <title>
          Info
        </title>
        <path clip-rule="evenodd" d="M12 23C18.0751 23 23 18.0751 23 12C23 5.9249 18.0751 1 12 1C5.9249 1 1 5.9249 1 12C1 18.0751 5.9249 23 12 23Z" fill="currentcolor" fill-rule="evenodd"></path>
        <path clip-rule="evenodd" d="M11.9996 8.6477C12.9254 8.6477 13.6758 7.8973 13.6758 6.9715C13.6758 6.0458 12.9254 5.2953 11.9996 5.2953C11.0739 5.2953 10.3235 6.0458 10.3235 6.9715C10.3235 7.8973 11.0739 8.6477 11.9996 8.6477ZM10.8453 17.8038C11.1932 18.1517 11.6736 18.3256 12.2865 18.3256H13.4545C13.6864 18.3256 13.8023 18.2263 13.8023 18.0275V12.2873C13.8023 11.6744 13.6284 11.1939 13.2805 10.8461C12.9326 10.4982 12.4522 10.3242 11.8393 10.3242H10.6713C10.4394 10.3242 10.3235 10.4236 10.3235 10.6224V16.3626C10.3235 16.9755 10.4974 17.456 10.8453 17.8038Z" fill="white" fill-rule="evenodd"></path>
      </svg>
    </slot-fb>
    <div class="ld-tether-target-marker">
      <div class="ld-tether-marker-dot" style="top: 0px; left: 0px;"></div>
    </div>
  </button>
</ld-tooltip>
`;

exports[`ld-tooltip renders with position top center 1`] = `
<ld-tooltip position="top center">
  <!---->
  <button aria-describedby="ld-tooltip-13" class="ld-tether-element-attached-bottom ld-tether-element-attached-center ld-tether-enabled ld-tether-target ld-tether-target-attached-center ld-tether-target-attached-top ld-tooltip__trigger" type="button">
    <slot-fb name="trigger">
      <svg class="ld-tooltip__icon" fill="none" viewBox="0 0 24 24" xmlns="http://www.w3.org/2000/svg">
        <title>
          Info
        </title>
        <path clip-rule="evenodd" d="M12 23C18.0751 23 23 18.0751 23 12C23 5.9249 18.0751 1 12 1C5.9249 1 1 5.9249 1 12C1 18.0751 5.9249 23 12 23Z" fill="currentcolor" fill-rule="evenodd"></path>
        <path clip-rule="evenodd" d="M11.9996 8.6477C12.9254 8.6477 13.6758 7.8973 13.6758 6.9715C13.6758 6.0458 12.9254 5.2953 11.9996 5.2953C11.0739 5.2953 10.3235 6.0458 10.3235 6.9715C10.3235 7.8973 11.0739 8.6477 11.9996 8.6477ZM10.8453 17.8038C11.1932 18.1517 11.6736 18.3256 12.2865 18.3256H13.4545C13.6864 18.3256 13.8023 18.2263 13.8023 18.0275V12.2873C13.8023 11.6744 13.6284 11.1939 13.2805 10.8461C12.9326 10.4982 12.4522 10.3242 11.8393 10.3242H10.6713C10.4394 10.3242 10.3235 10.4236 10.3235 10.6224V16.3626C10.3235 16.9755 10.4974 17.456 10.8453 17.8038Z" fill="white" fill-rule="evenodd"></path>
      </svg>
    </slot-fb>
    <div class="ld-tether-target-marker">
      <div class="ld-tether-marker-dot" style="top: 0px; left: 0px;"></div>
    </div>
  </button>
</ld-tooltip>
`;

exports[`ld-tooltip renders with position top left 1`] = `
<ld-tooltip position="top left">
  <!---->
  <button aria-describedby="ld-tooltip-14" class="ld-tether-element-attached-bottom ld-tether-element-attached-left ld-tether-enabled ld-tether-target ld-tether-target-attached-left ld-tether-target-attached-top ld-tooltip__trigger" type="button">
    <slot-fb name="trigger">
      <svg class="ld-tooltip__icon" fill="none" viewBox="0 0 24 24" xmlns="http://www.w3.org/2000/svg">
        <title>
          Info
        </title>
        <path clip-rule="evenodd" d="M12 23C18.0751 23 23 18.0751 23 12C23 5.9249 18.0751 1 12 1C5.9249 1 1 5.9249 1 12C1 18.0751 5.9249 23 12 23Z" fill="currentcolor" fill-rule="evenodd"></path>
        <path clip-rule="evenodd" d="M11.9996 8.6477C12.9254 8.6477 13.6758 7.8973 13.6758 6.9715C13.6758 6.0458 12.9254 5.2953 11.9996 5.2953C11.0739 5.2953 10.3235 6.0458 10.3235 6.9715C10.3235 7.8973 11.0739 8.6477 11.9996 8.6477ZM10.8453 17.8038C11.1932 18.1517 11.6736 18.3256 12.2865 18.3256H13.4545C13.6864 18.3256 13.8023 18.2263 13.8023 18.0275V12.2873C13.8023 11.6744 13.6284 11.1939 13.2805 10.8461C12.9326 10.4982 12.4522 10.3242 11.8393 10.3242H10.6713C10.4394 10.3242 10.3235 10.4236 10.3235 10.6224V16.3626C10.3235 16.9755 10.4974 17.456 10.8453 17.8038Z" fill="white" fill-rule="evenodd"></path>
      </svg>
    </slot-fb>
    <div class="ld-tether-target-marker">
      <div class="ld-tether-marker-dot" style="top: 0px; left: 0px;"></div>
    </div>
  </button>
</ld-tooltip>
`;

exports[`ld-tooltip renders with position top right 1`] = `
<ld-tooltip position="top right">
  <!---->
  <button aria-describedby="ld-tooltip-15" class="ld-tether-element-attached-bottom ld-tether-element-attached-right ld-tether-enabled ld-tether-target ld-tether-target-attached-right ld-tether-target-attached-top ld-tooltip__trigger" type="button">
    <slot-fb name="trigger">
      <svg class="ld-tooltip__icon" fill="none" viewBox="0 0 24 24" xmlns="http://www.w3.org/2000/svg">
        <title>
          Info
        </title>
        <path clip-rule="evenodd" d="M12 23C18.0751 23 23 18.0751 23 12C23 5.9249 18.0751 1 12 1C5.9249 1 1 5.9249 1 12C1 18.0751 5.9249 23 12 23Z" fill="currentcolor" fill-rule="evenodd"></path>
        <path clip-rule="evenodd" d="M11.9996 8.6477C12.9254 8.6477 13.6758 7.8973 13.6758 6.9715C13.6758 6.0458 12.9254 5.2953 11.9996 5.2953C11.0739 5.2953 10.3235 6.0458 10.3235 6.9715C10.3235 7.8973 11.0739 8.6477 11.9996 8.6477ZM10.8453 17.8038C11.1932 18.1517 11.6736 18.3256 12.2865 18.3256H13.4545C13.6864 18.3256 13.8023 18.2263 13.8023 18.0275V12.2873C13.8023 11.6744 13.6284 11.1939 13.2805 10.8461C12.9326 10.4982 12.4522 10.3242 11.8393 10.3242H10.6713C10.4394 10.3242 10.3235 10.4236 10.3235 10.6224V16.3626C10.3235 16.9755 10.4974 17.456 10.8453 17.8038Z" fill="white" fill-rule="evenodd"></path>
      </svg>
    </slot-fb>
    <div class="ld-tether-target-marker">
      <div class="ld-tether-marker-dot" style="top: 0px; left: 0px;"></div>
    </div>
  </button>
</ld-tooltip>
`;
