// Jest Snapshot v1, https://goo.gl/fbAQLP

exports[`ld-file-upload renders default 1`] = `
<ld-file-upload class="ld-file-upload ld-file-upload--only-choose-file">
  <mock:shadow-root>
    <ld-choose-file class="ld-file-upload__choose-file" size="bg"></ld-choose-file>
    <input class="ld-file-upload__input" multiple="" tabindex="-1" type="file">
  </mock:shadow-root>
</ld-file-upload>
`;
