// Jest Snapshot v1, https://goo.gl/fbAQLP

exports[`ld-card renders 1`] = `
<ld-card class="ld-card ld-card--stacked">
  <mock:shadow-root>
    <slot></slot>
  </mock:shadow-root>
  Hello
</ld-card>
`;
